C:\Praktyki\Smart_home\smart_home\Logical\Global.typ
C:\Praktyki\Smart_home\smart_home\Logical\Global.var
C:\Praktyki\Smart_home\smart_home\Logical\Libraries\operator\operator.fun
C:\Praktyki\Smart_home\smart_home\Logical\Libraries\operator\operator.typ
C:\Praktyki\Smart_home\smart_home\Logical\Libraries\operator\operator.var
C:\Praktyki\Smart_home\smart_home\Logical\Libraries\runtime\runtime.fun
C:\Praktyki\Smart_home\smart_home\Logical\Libraries\runtime\runtime.typ
C:\Praktyki\Smart_home\smart_home\Logical\Libraries\runtime\runtime.var
C:\Praktyki\Smart_home\smart_home\Logical\Libraries\AsIecCon\AsIecCon.fun
C:\Praktyki\Smart_home\smart_home\Logical\Libraries\AsIecCon\AsIecCon.typ
C:\Praktyki\Smart_home\smart_home\Logical\Libraries\AsIecCon\AsIecCon.var
C:\Praktyki\Smart_home\smart_home\Logical\Libraries\ArCan\ArCan.fun
C:\Praktyki\Smart_home\smart_home\Logical\Libraries\ArCan\ArCan.typ
C:\Praktyki\Smart_home\smart_home\Logical\Libraries\ArCan\ArCan.var
C:\Praktyki\Smart_home\smart_home\Logical\Libraries\brsystem\brsystem.fun
C:\Praktyki\Smart_home\smart_home\Logical\Libraries\brsystem\brsystem.typ
C:\Praktyki\Smart_home\smart_home\Logical\Libraries\brsystem\brsystem.var
C:\Praktyki\Smart_home\smart_home\Logical\Libraries\standard\standard.fun
C:\Praktyki\Smart_home\smart_home\Logical\Libraries\standard\standard.typ
C:\Praktyki\Smart_home\smart_home\Logical\Libraries\standard\standard.var
C:\Praktyki\Smart_home\smart_home\Logical\Libraries\AsBrStr\AsBrStr.fun
C:\Praktyki\Smart_home\smart_home\Logical\Libraries\AsBrStr\AsBrStr.typ
C:\Praktyki\Smart_home\smart_home\Logical\Libraries\AsBrStr\AsBrStr.var
C:\Praktyki\Smart_home\smart_home\Logical\Libraries\AsBrWStr\AsBrWStr.fun
C:\Praktyki\Smart_home\smart_home\Logical\Libraries\AsBrWStr\AsBrWStr.typ
C:\Praktyki\Smart_home\smart_home\Logical\Libraries\AsBrWStr\AsBrWStr.var
