<?xml version="1.0" encoding="utf-8"?>
<?AutomationStudio Version="6.5.1.7"?>
<Objects>
  <Object
    Path="C:\Praktyki\Smart_home\smart_home\Logical\Package.pkg"
    LogicalPath=""
    Type="Package.ParentUnknown"
    LastWriteTime="134181206764731911" />
  <Object
    Path="C:\Praktyki\Smart_home\smart_home\Logical\Global.typ"
    LogicalPath="Global.typ"
    Type="File"
    LastWriteTime="134181261500221749"
    Private="false" />
  <Object
    Path="C:\Praktyki\Smart_home\smart_home\Logical\Global.var"
    LogicalPath="Global.var"
    Type="File"
    LastWriteTime="134181436725001975"
    Private="false" />
  <Object
    Path="C:\Praktyki\Smart_home\smart_home\Logical\Libraries\Package.pkg"
    LogicalPath="Libraries"
    Type="Package"
    LastWriteTime="134181351266827720" />
  <Object
    Path="C:\Praktyki\Smart_home\smart_home\Logical\Libraries\operator\binary.lby"
    LogicalPath="Libraries.operator"
    Type="Library"
    LastWriteTime="134093113500000000" />
  <Object
    Path="C:\Praktyki\Smart_home\smart_home\Logical\Libraries\operator\operator.fun"
    LogicalPath="Libraries.operator.operator.fun"
    Type="File"
    LastWriteTime="134093113500000000"
    Private="false" />
  <Object
    Path="C:\Praktyki\Smart_home\smart_home\Logical\Libraries\operator\operator.typ"
    LogicalPath="Libraries.operator.operator.typ"
    Type="File"
    LastWriteTime="134093113500000000"
    Private="false" />
  <Object
    Path="C:\Praktyki\Smart_home\smart_home\Logical\Libraries\operator\operator.var"
    LogicalPath="Libraries.operator.operator.var"
    Type="File"
    LastWriteTime="134093113500000000"
    Private="false" />
  <Object
    Path="C:\Praktyki\Smart_home\smart_home\Logical\Libraries\runtime\binary.lby"
    LogicalPath="Libraries.runtime"
    Type="Library"
    LastWriteTime="134093113500000000" />
  <Object
    Path="C:\Praktyki\Smart_home\smart_home\Logical\Libraries\runtime\runtime.fun"
    LogicalPath="Libraries.runtime.runtime.fun"
    Type="File"
    LastWriteTime="134093113500000000"
    Private="false" />
  <Object
    Path="C:\Praktyki\Smart_home\smart_home\Logical\Libraries\runtime\runtime.typ"
    LogicalPath="Libraries.runtime.runtime.typ"
    Type="File"
    LastWriteTime="134093113500000000"
    Private="false" />
  <Object
    Path="C:\Praktyki\Smart_home\smart_home\Logical\Libraries\runtime\runtime.var"
    LogicalPath="Libraries.runtime.runtime.var"
    Type="File"
    LastWriteTime="134093113500000000"
    Private="false" />
  <Object
    Path="C:\Praktyki\Smart_home\smart_home\Logical\Libraries\AsIecCon\binary.lby"
    LogicalPath="Libraries.AsIecCon"
    Type="Library"
    LastWriteTime="134093113500000000" />
  <Object
    Path="C:\Praktyki\Smart_home\smart_home\Logical\Libraries\AsIecCon\AsIecCon.fun"
    LogicalPath="Libraries.AsIecCon.AsIecCon.fun"
    Type="File"
    LastWriteTime="134093113500000000"
    Private="false" />
  <Object
    Path="C:\Praktyki\Smart_home\smart_home\Logical\Libraries\AsIecCon\AsIecCon.typ"
    LogicalPath="Libraries.AsIecCon.AsIecCon.typ"
    Type="File"
    LastWriteTime="134093113500000000"
    Private="false" />
  <Object
    Path="C:\Praktyki\Smart_home\smart_home\Logical\Libraries\AsIecCon\AsIecCon.var"
    LogicalPath="Libraries.AsIecCon.AsIecCon.var"
    Type="File"
    LastWriteTime="134093113500000000"
    Private="false" />
  <Object
    Path="C:\Praktyki\Smart_home\smart_home\Logical\Libraries\ArCan\binary.lby"
    LogicalPath="Libraries.ArCan"
    Type="Library"
    LastWriteTime="134093113500000000" />
  <Object
    Path="C:\Praktyki\Smart_home\smart_home\Logical\Libraries\ArCan\ArCan.fun"
    LogicalPath="Libraries.ArCan.ArCan.fun"
    Type="File"
    LastWriteTime="134093113500000000"
    Private="false" />
  <Object
    Path="C:\Praktyki\Smart_home\smart_home\Logical\Libraries\ArCan\ArCan.typ"
    LogicalPath="Libraries.ArCan.ArCan.typ"
    Type="File"
    LastWriteTime="134093113500000000"
    Private="false" />
  <Object
    Path="C:\Praktyki\Smart_home\smart_home\Logical\Libraries\ArCan\ArCan.var"
    LogicalPath="Libraries.ArCan.ArCan.var"
    Type="File"
    LastWriteTime="134093113500000000"
    Private="false" />
  <Object
    Path="C:\Praktyki\Smart_home\smart_home\Logical\Libraries\brsystem\binary.lby"
    LogicalPath="Libraries.brsystem"
    Type="Library"
    LastWriteTime="134093113500000000" />
  <Object
    Path="C:\Praktyki\Smart_home\smart_home\Logical\Libraries\brsystem\brsystem.fun"
    LogicalPath="Libraries.brsystem.brsystem.fun"
    Type="File"
    LastWriteTime="134093113500000000"
    Private="false" />
  <Object
    Path="C:\Praktyki\Smart_home\smart_home\Logical\Libraries\brsystem\brsystem.typ"
    LogicalPath="Libraries.brsystem.brsystem.typ"
    Type="File"
    LastWriteTime="134093113500000000"
    Private="false" />
  <Object
    Path="C:\Praktyki\Smart_home\smart_home\Logical\Libraries\brsystem\brsystem.var"
    LogicalPath="Libraries.brsystem.brsystem.var"
    Type="File"
    LastWriteTime="134093113500000000"
    Private="false" />
  <Object
    Path="C:\Praktyki\Smart_home\smart_home\Logical\Libraries\standard\binary.lby"
    LogicalPath="Libraries.standard"
    Type="Library"
    LastWriteTime="134093113500000000" />
  <Object
    Path="C:\Praktyki\Smart_home\smart_home\Logical\Libraries\standard\standard.fun"
    LogicalPath="Libraries.standard.standard.fun"
    Type="File"
    LastWriteTime="134093113500000000"
    Private="false" />
  <Object
    Path="C:\Praktyki\Smart_home\smart_home\Logical\Libraries\standard\standard.typ"
    LogicalPath="Libraries.standard.standard.typ"
    Type="File"
    LastWriteTime="134093113500000000"
    Private="false" />
  <Object
    Path="C:\Praktyki\Smart_home\smart_home\Logical\Libraries\standard\standard.var"
    LogicalPath="Libraries.standard.standard.var"
    Type="File"
    LastWriteTime="134093113500000000"
    Private="false" />
  <Object
    Path="C:\Praktyki\Smart_home\smart_home\Logical\Libraries\AsBrStr\binary.lby"
    LogicalPath="Libraries.AsBrStr"
    Type="Library"
    LastWriteTime="134093113500000000" />
  <Object
    Path="C:\Praktyki\Smart_home\smart_home\Logical\Libraries\AsBrStr\AsBrStr.fun"
    LogicalPath="Libraries.AsBrStr.AsBrStr.fun"
    Type="File"
    LastWriteTime="134093113500000000"
    Private="false" />
  <Object
    Path="C:\Praktyki\Smart_home\smart_home\Logical\Libraries\AsBrStr\AsBrStr.typ"
    LogicalPath="Libraries.AsBrStr.AsBrStr.typ"
    Type="File"
    LastWriteTime="134093113500000000"
    Private="false" />
  <Object
    Path="C:\Praktyki\Smart_home\smart_home\Logical\Libraries\AsBrStr\AsBrStr.var"
    LogicalPath="Libraries.AsBrStr.AsBrStr.var"
    Type="File"
    LastWriteTime="134093113500000000"
    Private="false" />
  <Object
    Path="C:\Praktyki\Smart_home\smart_home\Logical\Libraries\AsBrWStr\binary.lby"
    LogicalPath="Libraries.AsBrWStr"
    Type="Library"
    LastWriteTime="134093113500000000" />
  <Object
    Path="C:\Praktyki\Smart_home\smart_home\Logical\Libraries\AsBrWStr\AsBrWStr.fun"
    LogicalPath="Libraries.AsBrWStr.AsBrWStr.fun"
    Type="File"
    LastWriteTime="134093113500000000"
    Private="false" />
  <Object
    Path="C:\Praktyki\Smart_home\smart_home\Logical\Libraries\AsBrWStr\AsBrWStr.typ"
    LogicalPath="Libraries.AsBrWStr.AsBrWStr.typ"
    Type="File"
    LastWriteTime="134093113500000000"
    Private="false" />
  <Object
    Path="C:\Praktyki\Smart_home\smart_home\Logical\Libraries\AsBrWStr\AsBrWStr.var"
    LogicalPath="Libraries.AsBrWStr.AsBrWStr.var"
    Type="File"
    LastWriteTime="134093113500000000"
    Private="false" />
  <Object
    Path="C:\Praktyki\Smart_home\smart_home\Logical\Program\IEC.prg"
    LogicalPath="Program"
    Type="Program"
    LastWriteTime="134181206764391717" />
  <Object
    Path="C:\Praktyki\Smart_home\smart_home\Logical\Program\Cyclic.st"
    LogicalPath="Program.Cyclic.st"
    Type="File"
    LastWriteTime="134181442755449527"
    Private="false" />
  <Object
    Path="C:\Praktyki\Smart_home\smart_home\Logical\Program\Init.st"
    LogicalPath="Program.Init.st"
    Type="File"
    LastWriteTime="134181405323927990"
    Private="false" />
  <Object
    Path="C:\Praktyki\Smart_home\smart_home\Logical\Program\Exit.st"
    LogicalPath="Program.Exit.st"
    Type="File"
    LastWriteTime="134181206764571660"
    Private="false" />
  <Object
    Path="C:\Praktyki\Smart_home\smart_home\Logical\Program\Types.typ"
    LogicalPath="Program.Types.typ"
    Type="File"
    LastWriteTime="134181206764641694"
    Private="true" />
  <Object
    Path="C:\Praktyki\Smart_home\smart_home\Logical\Program\Variables.var"
    LogicalPath="Program.Variables.var"
    Type="File"
    LastWriteTime="134181405323717952"
    Private="true" />
  <Object
    Path="C:\Praktyki\Smart_home\smart_home\Physical\Config1\Config.pkg"
    LogicalPath="Config1"
    Type="Configuration.ParentUnknown"
    LastWriteTime="134177978041800116" />
  <Object
    Path="C:\Praktyki\Smart_home\smart_home\Physical\Config1\Hardware.hw"
    LogicalPath="Config1.Hardware.hw"
    Type="File"
    LastWriteTime="134177978041720157"
    Private="false" />
  <Object
    Path="C:\Praktyki\Smart_home\smart_home\Physical\Config1\Hardware.hwl"
    LogicalPath="Config1.Hardware.hwl"
    Type="File"
    LastWriteTime="134146893100000000"
    Private="false" />
  <Object
    Path="C:\Praktyki\Smart_home\smart_home\Physical\Config1\X20CP0410\Cpu.pkg"
    LogicalPath="Config1.X20CP0410"
    Type="Cpu"
    LastWriteTime="134177978043380212" />
  <Object
    Path="C:\Praktyki\Smart_home\smart_home\Physical\Config1\X20CP0410\Cpu.sw"
    LogicalPath="Config1.X20CP0410.Cpu.sw"
    Type="File"
    LastWriteTime="134181351268337877"
    Private="false" />
  <Object
    Path="C:\Praktyki\Smart_home\smart_home\Physical\Config1\X20CP0410\Cpu.per"
    LogicalPath="Config1.X20CP0410.Cpu.per"
    Type="File"
    LastWriteTime="134146893100000000"
    Private="false" />
  <Object
    Path="C:\Praktyki\Smart_home\smart_home\Physical\Config1\X20CP0410\IoMap.iom"
    LogicalPath="Config1.X20CP0410.IoMap.iom"
    Type="File"
    LastWriteTime="134146893100000000"
    Private="false" />
  <Object
    Path="C:\Praktyki\Smart_home\smart_home\Physical\Config1\X20CP0410\PvMap.vvm"
    LogicalPath="Config1.X20CP0410.PvMap.vvm"
    Type="File"
    LastWriteTime="134146893100000000"
    Private="false" />
  <Object
    Path="C:\Praktyki\Smart_home\smart_home\Physical\Config1\X20CP0410\Connectivity\Package.pkg"
    LogicalPath="Config1.X20CP0410.Connectivity"
    Type="Package"
    LastWriteTime="134177978042450149" />
  <Object
    Path="C:\Praktyki\Smart_home\smart_home\Physical\Config1\X20CP0410\Connectivity\OpcUaCs\Package.pkg"
    LogicalPath="Config1.X20CP0410.Connectivity.OpcUaCs"
    Type="Package"
    LastWriteTime="134177978042390168" />
  <Object
    Path="C:\Praktyki\Smart_home\smart_home\Physical\Config1\X20CP0410\Connectivity\OpcUaCs\UaCsConfig.uacfg"
    LogicalPath="Config1.X20CP0410.Connectivity.OpcUaCs.UaCsConfig.uacfg"
    Type="File"
    LastWriteTime="134177978042350166"
    Private="false" />
  <Object
    Path="C:\Praktyki\Smart_home\smart_home\Physical\Config1\X20CP0410\Connectivity\OpcUaCs\UaDvConfig.uadcfg"
    LogicalPath="Config1.X20CP0410.Connectivity.OpcUaCs.UaDvConfig.uadcfg"
    Type="File"
    LastWriteTime="134177978042380154"
    Private="false" />
  <Object
    Path="C:\Praktyki\Smart_home\smart_home\Physical\Config1\X20CP0410\Connectivity\OpcUaFx\Package.pkg"
    LogicalPath="Config1.X20CP0410.Connectivity.OpcUaFx"
    Type="Package"
    LastWriteTime="134177978042440151" />
  <Object
    Path="C:\Praktyki\Smart_home\smart_home\Physical\Config1\X20CP0410\TextSystem\Package.pkg"
    LogicalPath="Config1.X20CP0410.TextSystem"
    Type="Package"
    LastWriteTime="134177978042510173" />
  <Object
    Path="C:\Praktyki\Smart_home\smart_home\Physical\Config1\X20CP0410\UnitSystem\Package.pkg"
    LogicalPath="Config1.X20CP0410.UnitSystem"
    Type="Package"
    LastWriteTime="134177978042580132" />
  <Object
    Path="C:\Praktyki\Smart_home\smart_home\Physical\Config1\X20CP0410\AccessAndSecurity\Package.pkg"
    LogicalPath="Config1.X20CP0410.AccessAndSecurity"
    Type="Package"
    LastWriteTime="134177978043370193" />
  <Object
    Path="C:\Praktyki\Smart_home\smart_home\Physical\Config1\X20CP0410\AccessAndSecurity\UserRoleSystem\Package.pkg"
    LogicalPath="Config1.X20CP0410.AccessAndSecurity.UserRoleSystem"
    Type="Package"
    LastWriteTime="134177978042740156" />
  <Object
    Path="C:\Praktyki\Smart_home\smart_home\Physical\Config1\X20CP0410\AccessAndSecurity\UserRoleSystem\BRRole.brrole"
    LogicalPath="Config1.X20CP0410.AccessAndSecurity.UserRoleSystem.BRRole.brrole"
    Type="File"
    LastWriteTime="134177978042730141"
    Private="false" />
  <Object
    Path="C:\Praktyki\Smart_home\smart_home\Physical\Config1\X20CP0410\AccessAndSecurity\CertificateStore\Package.pkg"
    LogicalPath="Config1.X20CP0410.AccessAndSecurity.CertificateStore"
    Type="Package"
    LastWriteTime="134177978043170247" />
  <Object
    Path="C:\Praktyki\Smart_home\smart_home\Physical\Config1\X20CP0410\AccessAndSecurity\CertificateStore\OwnCertificates\Package.pkg"
    LogicalPath="Config1.X20CP0410.AccessAndSecurity.CertificateStore.OwnCertificates"
    Type="Package"
    LastWriteTime="134177978042960174" />
  <Object
    Path="C:\Praktyki\Smart_home\smart_home\Physical\Config1\X20CP0410\AccessAndSecurity\CertificateStore\OwnCertificates\Certificates\Package.pkg"
    LogicalPath="Config1.X20CP0410.AccessAndSecurity.CertificateStore.OwnCertificates.Certificates"
    Type="Package"
    LastWriteTime="134177978042900181" />
  <Object
    Path="C:\Praktyki\Smart_home\smart_home\Physical\Config1\X20CP0410\AccessAndSecurity\CertificateStore\OwnCertificates\PrivateKeys\Package.pkg"
    LogicalPath="Config1.X20CP0410.AccessAndSecurity.CertificateStore.OwnCertificates.PrivateKeys"
    Type="Package"
    LastWriteTime="134177978042940172" />
  <Object
    Path="C:\Praktyki\Smart_home\smart_home\Physical\Config1\X20CP0410\AccessAndSecurity\CertificateStore\ThirdPartyCertificates\Package.pkg"
    LogicalPath="Config1.X20CP0410.AccessAndSecurity.CertificateStore.ThirdPartyCertificates"
    Type="Package"
    LastWriteTime="134177978043060177" />
  <Object
    Path="C:\Praktyki\Smart_home\smart_home\Physical\Config1\X20CP0410\AccessAndSecurity\CertificateStore\ThirdPartyCertificates\SoftwareCertificates\Package.pkg"
    LogicalPath="Config1.X20CP0410.AccessAndSecurity.CertificateStore.ThirdPartyCertificates.SoftwareCertificates"
    Type="Package"
    LastWriteTime="134177978043040175" />
  <Object
    Path="C:\Praktyki\Smart_home\smart_home\Physical\Config1\X20CP0410\AccessAndSecurity\CertificateStore\CertificateRevocationLists\Package.pkg"
    LogicalPath="Config1.X20CP0410.AccessAndSecurity.CertificateStore.CertificateRevocationLists"
    Type="Package"
    LastWriteTime="134177978043110179" />
  <Object
    Path="C:\Praktyki\Smart_home\smart_home\Physical\Config1\X20CP0410\AccessAndSecurity\CertificateStore\CertificateSigningRequests\Package.pkg"
    LogicalPath="Config1.X20CP0410.AccessAndSecurity.CertificateStore.CertificateSigningRequests"
    Type="Package"
    LastWriteTime="134177978043160180" />
  <Object
    Path="C:\Praktyki\Smart_home\smart_home\Physical\Config1\X20CP0410\AccessAndSecurity\ManagedCertificateStores\Package.pkg"
    LogicalPath="Config1.X20CP0410.AccessAndSecurity.ManagedCertificateStores"
    Type="Package"
    LastWriteTime="134177978043220184" />
  <Object
    Path="C:\Praktyki\Smart_home\smart_home\Physical\Config1\X20CP0410\AccessAndSecurity\TransportLayerSecurity\Package.pkg"
    LogicalPath="Config1.X20CP0410.AccessAndSecurity.TransportLayerSecurity"
    Type="Package"
    LastWriteTime="134177978043270187" />
  <Object
    Path="C:\Praktyki\Smart_home\smart_home\Physical\Config1\X20CP0410\AccessAndSecurity\Firewall\Package.pkg"
    LogicalPath="Config1.X20CP0410.AccessAndSecurity.Firewall"
    Type="Package"
    LastWriteTime="134177978043360191" />
  <Object
    Path="C:\Praktyki\Smart_home\smart_home\Physical\Config1\X20CP0410\AccessAndSecurity\Firewall\Rules.firewallRules"
    LogicalPath="Config1.X20CP0410.AccessAndSecurity.Firewall.Rules.firewallRules"
    Type="File"
    LastWriteTime="134177978043340187"
    Private="false" />
</Objects>